# FirstSteps-Go